// Jest Snapshot v1, https://goo.gl/fbAQLP

exports[`AboutMe renders correctly 1`] = `
<div>
  <h4
    className="MuiTypography-root MuiTypography-h4 MuiTypography-gutterBottom"
    id="about"
  >
    O mně
  </h4>
  <p
    className="MuiTypography-root MuiTypography-body1"
  >
    Softwarový inženýr, webový vývojář a konzultant. Specializuji se na React, Node.js, MongoDB a AWS. Nabízím programátorské práce, analyzování nových i existujících projektů, zavádění a optimalizace vývojových procesů i školení na míru.
  </p>
</div>
`;
