// Jest Snapshot v1, https://goo.gl/fbAQLP

exports[`AboutMe renders correctly 1`] = `
<div>
  <h4
    className="MuiTypography-root MuiTypography-h4 MuiTypography-gutterBottom"
    id="about"
  >
    navigation.about
  </h4>
  <p
    className="MuiTypography-root MuiTypography-body1"
  >
    about.text
  </p>
</div>
`;
