// Jest Snapshot v1, https://goo.gl/fbAQLP

exports[`VideoCard renders correctly 1`] = `
<div
  className="MuiPaper-root MuiCard-root makeStyles-card-1 MuiPaper-elevation1 MuiPaper-rounded"
>
  <div
    className="MuiCardContent-root"
  >
    <h2
      className="MuiTypography-root makeStyles-h2-2 MuiTypography-h5"
    >
      testVideoHeadline
    </h2>
    <iframe
      className="makeStyles-iframe-3"
      height="440"
      src="testVideoUrl"
      title="testVideoHeadline"
      width="100%"
    />
  </div>
</div>
`;
